// Jest Snapshot v1, https://goo.gl/fbAQLP

exports[`Unit Test for Home Should match the snapshot 1`] = `
<div
  class="sc-furwcr jThAww"
  data-testid="home-container"
>
  <div
    class="sc-pVTFL eRjRBi"
  >
    <div
      class="sc-kDTinF yYeNI"
    >
      DigitSense Exam
    </div>
    <div
      class="sc-iqseJM bqyZiN"
    >
      New Post
      <div
        class="sc-crHmcD bVzDQc fa fa-plus icon"
      />
    </div>
    <div
      class="sc-kDTinF yYeNI"
    >
      Post
    </div>
    <div
      class="sc-jrQzAO hZhYgW"
    >
      <div
        class="sc-egiyK iAnnCa"
      />
    </div>
  </div>
</div>
`;

exports[`Unit Test for NewPost Should match the snapshot 1`] = `
<div
  class="sc-furwcr jThAww"
  data-testid="home-container"
>
  <div
    class="sc-pVTFL eRjRBi"
  >
    <div
      class="sc-kDTinF yYeNI"
    >
      DigitSense Exam
    </div>
    <div
      class="sc-iqseJM bqyZiN"
    >
      New Post
      <div
        class="sc-crHmcD bVzDQc fa fa-plus icon"
      />
    </div>
    <div
      class="sc-kDTinF yYeNI"
    >
      Post
    </div>
    <div
      class="sc-jrQzAO hZhYgW"
    >
      <div
        class="sc-egiyK iAnnCa"
      />
    </div>
  </div>
</div>
`;
